Build started
uv : [33mWarning:[0m anchor does not exist
At line:1 char:20
+ $env:NO_COLOR='1'; uv run zensical build --clean 2>&1 | Out-File -Enc ...
+                    ~~~~~~~~~~~~~~~~~~~~~~~~~~~~~~~~~~
    + CategoryInfo          : NotSpecified: ([33mWarning:[0m anchor does not exist:String) [], RemoteException
    + FullyQualifiedErrorId : NativeCommandError
 
     [38;5;246m╭[0m[38;5;246m─[0m[38;5;246m[[0m calibration/tune-artifacts.md:230:58 [38;5;246m][0m
     [38;5;246m│[0m
 [38;5;246m230 │[0m [38;5;249m-[0m[38;5;249m 
[0m[38;5;249m[[0m[38;5;249mC[0m[38;5;249mA[0m[38;5;249mP[0m[38;5;249mA[0m[38;5;249m [0m[38;5;249mp[0m[3
8;5;249mr[0m[38;5;249mo[0m[38;5;249mf[0m[38;5;249mi[0m[38;5;249ml[0m[38;5;249me[0m[38;5;249m [0m[38;5;249
mf[0m[38;5;249mi[0m[38;5;249me[0m[38;5;249ml[0m[38;5;249md[0m[38;5;249ms[0m[38;5;249m][0m[38;5;249m([0m
[38;5;249m.[0m[38;5;249m.[0m[38;5;249m/[0m[38;5;249mc[0m[38;5;249mo[0m[38;5;249mn[0m[38;5;249mf[0m[38;5;2
49mi[0m[38;5;249mg[0m[38;5;249mu[0m[38;5;249mr[0m[38;5;249ma[0m[38;5;249mt[0m[38;5;249mi[0m[38;5;249mo[0
m[38;5;249mn[0m[38;5;249m/[0m[38;5;249mc[0m[38;5;249ma[0m[38;5;249mp[0m[38;5;249ma[0m[38;5;249m-[0m[38;5
;249mp[0m[38;5;249mr[0m[38;5;249mo[0m[38;5;249mf[0m[38;5;249mi[0m[38;5;249ml[0m[38;5;249me[0m[38;5;249m.
[0m[38;5;249mm[0m[38;5;249md[0m[38;5;249m#[0m[33mh[0m[33me[0m[33ma[0m[33mt[0m[33me[0m[33mr[0m[33mp[
0m[33mr[0m[33mo[0m[33mg[0m[33mr[0m[33ma[0m[33mm[0m[38;5;249m)[0m[38;5;249m 
[0m[38;5;249m—[0m[38;5;249m 
[0m[38;5;249mw[0m[38;5;249mh[0m[38;5;249me[0m[38;5;249mr[0m[38;5;249me[0m[38;5;249m [0m[38;5;249m`[0m[3
8;5;249mf[0m[38;5;249ml[0m[38;5;249mu[0m[38;5;249mx[0m[38;5;249m_[0m[38;5;249mc[0m[38;5;249ma[0m[38;5;249
ml[0m[38;5;249mi[0m[38;5;249mb[0m[38;5;249mr[0m[38;5;249ma[0m[38;5;249mt[0m[38;5;249mi[0m[38;5;249mo[0m
[38;5;249mn[0m[38;5;249m_[0m[38;5;249mr[0m[38;5;249me[0m[38;5;249mf[0m[38;5;249m`[0m[38;5;249m 
[0m[38;5;249ml[0m[38;5;249mi[0m[38;5;249mv[0m[38;5;249me[0m[38;5;249ms[0m[38;5;249m 
[0m[38;5;249mi[0m[38;5;249mn[0m[38;5;249m [0m[38;5;249mp[0m[38;5;249mr[0m[38;5;249mo[0m[38;5;249mf[0m[3
8;5;249mi[0m[38;5;249ml[0m[38;5;249me[0m[38;5;249m [0m[38;5;249mm[0m[38;5;249me[0m[38;5;249mt[0m[38;5;249
ma[0m[38;5;249md[0m[38;5;249ma[0m[38;5;249mt[0m[38;5;249ma[0m[38;5;249m.[0m
 [38;5;240m    │[0m                                                          [33m─[0m[33m─[0m[33m─[0m[33m─[0m
[33m─[0m[33m─[0m[33m┬[0m[33m─[0m[33m─[0m[33m─[0m[33m─[0m[33m─[0m[33m─[0m  
 [38;5;240m    │[0m                                                                
[33m╰[0m[33m─[0m[33m─[0m[33m─[0m[33m─[0m[33m─[0m[33m─[0m[33m─[0m[33m─[0m anchor does not exist
[38;5;246m─────╯[0m
[33mWarning:[0m anchor does not exist
    [38;5;246m╭[0m[38;5;246m─[0m[38;5;246m[[0m configuration/calibrations.md:34:147 [38;5;246m][0m
    [38;5;246m│[0m
 [38;5;246m34 │[0m [38;5;249mA[0m[38;5;249m 
[0m[38;5;249mt[0m[38;5;249mu[0m[38;5;249mn[0m[38;5;249me[0m[38;5;249m [0m[38;5;249ma[0m[38;5;249mr[0m[3
8;5;249mt[0m[38;5;249mi[0m[38;5;249mf[0m[38;5;249ma[0m[38;5;249mc[0m[38;5;249mt[0m[38;5;249m 
[0m[38;5;249mi[0m[38;5;249ms[0m[38;5;249m [0m[38;5;249m*[0m[38;5;249m*[0m[38;5;249mn[0m[38;5;249mo[0m[3
8;5;249mt[0m[38;5;249m*[0m[38;5;249m*[0m[38;5;249m [0m[38;5;249mr[0m[38;5;249me[0m[38;5;249mf[0m[38;5;249
me[0m[38;5;249mr[0m[38;5;249me[0m[38;5;249mn[0m[38;5;249mc[0m[38;5;249me[0m[38;5;249md[0m[38;5;249m 
[0m[38;5;249mf[0m[38;5;249mr[0m[38;5;249mo[0m[38;5;249mm[0m[38;5;249m 
[0m[38;5;249mt[0m[38;5;249mh[0m[38;5;249me[0m[38;5;249m [0m[38;5;249me[0m[38;5;249mx[0m[38;5;249mp[0m[3
8;5;249me[0m[38;5;249mr[0m[38;5;249mi[0m[38;5;249mm[0m[38;5;249me[0m[38;5;249mn[0m[38;5;249mt[0m[38;5;249
m [0m[38;5;249mY[0m[38;5;249mA[0m[38;5;249mM[0m[38;5;249mL[0m[38;5;249m [0m[38;5;249md[0m[38;5;249mi[0m
[38;5;249mr[0m[38;5;249me[0m[38;5;249mc[0m[38;5;249mt[0m[38;5;249ml[0m[38;5;249my[0m[38;5;249m 
[0m[38;5;249m—[0m[38;5;249m [0m[38;5;249mo[0m[38;5;249mp[0m[38;5;249me[0m[38;5;249mr[0m[38;5;249ma[0m[3
8;5;249mt[0m[38;5;249mo[0m[38;5;249mr[0m[38;5;249ms[0m[38;5;249m 
[0m[38;5;249mc[0m[38;5;249mi[0m[38;5;249mt[0m[38;5;249me[0m[38;5;249m 
[0m[38;5;249mi[0m[38;5;249mt[0m[38;5;249m [0m[38;5;249m([0m[38;5;249mf[0m[38;5;249mr[0m[38;5;249me[0m[3
8;5;249me[0m[38;5;249m-[0m[38;5;249mf[0m[38;5;249mo[0m[38;5;249mr[0m[38;5;249mm[0m[38;5;249m)[0m[38;5;249
m [0m[38;5;249mi[0m[38;5;249mn[0m[38;5;249ms[0m[38;5;249mi[0m[38;5;249md[0m[38;5;249me[0m[38;5;249m 
[0m[38;5;249mt[0m[38;5;249mh[0m[38;5;249me[0m[38;5;249m 
[0m[38;5;249m[[0m[38;5;249mC[0m[38;5;249mA[0m[38;5;249mP[0m[38;5;249mA[0m[38;5;249m [0m[38;5;249mp[0m[3
8;5;249mr[0m[38;5;249mo[0m[38;5;249mf[0m[38;5;249mi[0m[38;5;249ml[0m[38;5;249me[0m[38;5;249m][0m[38;5;249
m([0m[38;5;249mc[0m[38;5;249ma[0m[38;5;249mp[0m[38;5;249ma[0m[38;5;249m-[0m[38;5;249mp[0m[38;5;249mr[0m
[38;5;249mo[0m[38;5;249mf[0m[38;5;249mi[0m[38;5;249ml[0m[38;5;249me[0m[38;5;249m.[0m[38;5;249mm[0m[38;5;2
49md[0m[38;5;249m#[0m[33mh[0m[33me[0m[33ma[0m[33mt[0m[33me[0m[33mr[0m[33mp[0m[33mr[0m[33mo[0m[33m
g[0m[33mr[0m[33ma[0m[33mm[0m[38;5;249m)[0m[38;5;249m'[0m[38;5;249ms[0m[38;5;249m [0m[38;5;249m`[0m[38
;5;249mH[0m[38;5;249me[0m[38;5;249ma[0m[38;5;249mt[0m[38;5;249me[0m[38;5;249mr[0m[38;5;249mP[0m[38;5;249m
r[0m[38;5;249mo[0m[38;5;249mg[0m[38;5;249mr[0m[38;5;249ma[0m[38;5;249mm[0m[38;5;249m.[0m[38;5;249mf[0m[
38;5;249ml[0m[38;5;249mu[0m[38;5;249mx[0m[38;5;249m_[0m[38;5;249mc[0m[38;5;249ma[0m[38;5;249ml[0m[38;5;24
9mi[0m[38;5;249mb[0m[38;5;249mr[0m[38;5;249ma[0m[38;5;249mt[0m[38;5;249mi[0m[38;5;249mo[0m[38;5;249mn[0m
[38;5;249m_[0m[38;5;249mr[0m[38;5;249me[0m[38;5;249mf[0m[38;5;249m`[0m[38;5;249m 
[0m[38;5;249mf[0m[38;5;249mi[0m[38;5;249me[0m[38;5;249ml[0m[38;5;249md[0m[38;5;249m,[0m[38;5;249m 
[0m[38;5;249ma[0m[38;5;249mn[0m[38;5;249md[0m[38;5;249m 
[0m[38;5;249mt[0m[38;5;249mh[0m[38;5;249me[0m[38;5;249m [0m[38;5;249mt[0m[38;5;249mu[0m[38;5;249mn[0m[3
8;5;249me[0m[38;5;249m-[0m[38;5;249mp[0m[38;5;249mr[0m[38;5;249mo[0m[38;5;249mc[0m[38;5;249me[0m[38;5;249
md[0m[38;5;249mu[0m[38;5;249mr[0m[38;5;249me[0m[38;5;249m 
[0m[38;5;249mi[0m[38;5;249mt[0m[38;5;249ms[0m[38;5;249me[0m[38;5;249ml[0m[38;5;249mf[0m[38;5;249m 
[0m[38;5;249mr[0m[38;5;249me[0m[38;5;249ma[0m[38;5;249md[0m[38;5;249ms[0m[38;5;249m [0m[38;5;249m`[0m[3
8;5;249mc[0m[38;5;249mo[0m[38;5;249mn[0m[38;5;249mf[0m[38;5;249mi[0m[38;5;249mg[0m[38;5;249ms[0m[38;5;249
m/[0m[38;5;249mc[0m[38;5;249ma[0m[38;5;249ml[0m[38;5;249mi[0m[38;5;249mb[0m[38;5;249mr[0m[38;5;249ma[0m
[38;5;249mt[0m[38;5;249mi[0m[38;5;249mo[0m[38;5;249mn[0m[38;5;249ms[0m[38;5;249m/[0m[38;5;249mf[0m[38;5;2
49ml[0m[38;5;249mu[0m[38;5;249mx[0m[38;5;249m/[0m[38;5;249ml[0m[38;5;249ma[0m[38;5;249mt[0m[38;5;249me[0
m[38;5;249ms[0m[38;5;249mt[0m[38;5;249m.[0m[38;5;249mt[0m[38;5;249mo[0m[38;5;249mm[0m[38;5;249ml[0m[38;5
;249m`[0m[38;5;249m [0m[38;5;249mt[0m[38;5;249mo[0m[38;5;249m 
[0m[38;5;249mp[0m[38;5;249mi[0m[38;5;249mc[0m[38;5;249mk[0m[38;5;249m 
[0m[38;5;249mi[0m[38;5;249mt[0m[38;5;249ms[0m[38;5;249m [0m[38;5;249mi[0m[38;5;249mn[0m[38;5;249mi[0m[3
8;5;249mt[0m[38;5;249mi[0m[38;5;249ma[0m[38;5;249ml[0m[38;5;249m-[0m[38;5;249ms[0m[38;5;249me[0m[38;5;249
mt[0m[38;5;249mp[0m[38;5;249mo[0m[38;5;249mi[0m[38;5;249mn[0m[38;5;249mt[0m[38;5;249m 
[0m[38;5;249mp[0m[38;5;249mr[0m[38;5;249mi[0m[38;5;249mo[0m[38;5;249mr[0m[38;5;249m.[0m
 [38;5;240m   │[0m                                                                                                   
                                                [33m─[0m[33m─[0m[33m─[0m[33m─[0m[33m─[0m[33m─[0m[33m┬[0m
[33m─[0m[33m─[0m[33m─[0m[33m─[0m[33m─[0m[33m─[0m  
 [38;5;240m   │[0m                                                                                                   
                                                      
[33m╰[0m[33m─[0m[33m─[0m[33m─[0m[33m─[0m[33m─[0m[33m─[0m[33m─[0m[33m─[0m anchor does not exist
[38;5;246m────╯[0m
[33mWarning:[0m anchor does not exist
     [38;5;246m╭[0m[38;5;246m─[0m[38;5;246m[[0m procedures/builtin-heat-flux-tune.md:248:371 [38;5;246m][0m
     [38;5;246m│[0m
 [38;5;246m248 │[0m [38;5;249m2[0m[38;5;249m.[0m[38;5;249m 
[0m[38;5;249m*[0m[38;5;249m*[0m[38;5;249mA[0m[38;5;249m [0m[38;5;249ms[0m[38;5;249mp[0m[38;5;249me[0m[3
8;5;249mc[0m[38;5;249mi[0m[38;5;249mm[0m[38;5;249me[0m[38;5;249mn[0m[38;5;249m 
[0m[38;5;249mr[0m[38;5;249mu[0m[38;5;249mn[0m[38;5;249m 
[0m[38;5;249mt[0m[38;5;249mh[0m[38;5;249ma[0m[38;5;249mt[0m[38;5;249m 
[0m[38;5;249mf[0m[38;5;249mi[0m[38;5;249ml[0m[38;5;249ml[0m[38;5;249ms[0m[38;5;249m 
[0m[38;5;249mo[0m[38;5;249mu[0m[38;5;249mt[0m[38;5;249m [0m[38;5;249m`[0m[38;5;249mH[0m[38;5;249me[0m[3
8;5;249ma[0m[38;5;249mt[0m[38;5;249me[0m[38;5;249mr[0m[38;5;249mP[0m[38;5;249mr[0m[38;5;249mo[0m[38;5;249
mg[0m[38;5;249mr[0m[38;5;249ma[0m[38;5;249mm[0m[38;5;249m.[0m[38;5;249mf[0m[38;5;249ml[0m[38;5;249mu[0m
[38;5;249mx[0m[38;5;249m_[0m[38;5;249mc[0m[38;5;249ma[0m[38;5;249ml[0m[38;5;249mi[0m[38;5;249mb[0m[38;5;2
49mr[0m[38;5;249ma[0m[38;5;249mt[0m[38;5;249mi[0m[38;5;249mo[0m[38;5;249mn[0m[38;5;249m_[0m[38;5;249mr[0
m[38;5;249me[0m[38;5;249mf[0m[38;5;249m`[0m[38;5;249m.[0m[38;5;249m*[0m[38;5;249m*[0m[38;5;249m 
[0m[38;5;249mT[0m[38;5;249mh[0m[38;5;249mi[0m[38;5;249ms[0m[38;5;249m 
[0m[38;5;249mi[0m[38;5;249ms[0m[38;5;249m [0m[38;5;249ma[0m[38;5;249m [0m[38;5;249mf[0m[38;5;249mr[0m[3
8;5;249me[0m[38;5;249me[0m[38;5;249m-[0m[38;5;249mf[0m[38;5;249mo[0m[38;5;249mr[0m[38;5;249mm[0m[38;5;249
m [0m[38;5;249mi[0m[38;5;249md[0m[38;5;249m [0m[38;5;249mp[0m[38;5;249mo[0m[38;5;249mi[0m[38;5;249mn[0m
[38;5;249mt[0m[38;5;249me[0m[38;5;249mr[0m[38;5;249m [0m[38;5;249m—[0m[38;5;249m 
[0m[38;5;249mt[0m[38;5;249mh[0m[38;5;249me[0m[38;5;249m [0m[38;5;249mo[0m[38;5;249mp[0m[38;5;249me[0m[3
8;5;249mr[0m[38;5;249ma[0m[38;5;249mt[0m[38;5;249mo[0m[38;5;249mr[0m[38;5;249m 
[0m[38;5;249mt[0m[38;5;249my[0m[38;5;249mp[0m[38;5;249mi[0m[38;5;249mn[0m[38;5;249mg[0m[38;5;249m [0m[3
8;5;249m`[0m[38;5;249mc[0m[38;5;249ma[0m[38;5;249mp[0m[38;5;249ma[0m[38;5;249m_[0m[38;5;249mf[0m[38;5;249
ml[0m[38;5;249mu[0m[38;5;249mx[0m[38;5;249m_[0m[38;5;249m2[0m[38;5;249m0[0m[38;5;249m2[0m[38;5;249m6[0m
[38;5;249m-[0m[38;5;249m0[0m[38;5;249m5[0m[38;5;249m-[0m[38;5;249m2[0m[38;5;249m4[0m[38;5;249m`[0m[38;5;2
49m [0m[38;5;249m([0m[38;5;249mo[0m[38;5;249mr[0m[38;5;249m [0m[38;5;249ma[0m[38;5;249m [0m[38;5;249mn[0
m[38;5;249mo[0m[38;5;249mt[0m[38;5;249me[0m[38;5;249mb[0m[38;5;249mo[0m[38;5;249mo[0m[38;5;249mk[0m[38;5
;249m [0m[38;5;249me[0m[38;5;249mn[0m[38;5;249mt[0m[38;5;249mr[0m[38;5;249my[0m[38;5;249m,[0m[38;5;249m 
[0m[38;5;249mo[0m[38;5;249mr[0m[38;5;249m [0m[38;5;249ma[0m[38;5;249m [0m[38;5;249mc[0m[38;5;249ma[0m[3
8;5;249ml[0m[38;5;249mi[0m[38;5;249mb[0m[38;5;249mr[0m[38;5;249ma[0m[38;5;249mt[0m[38;5;249mi[0m[38;5;249
mo[0m[38;5;249mn[0m[38;5;249m [0m[38;5;249mc[0m[38;5;249me[0m[38;5;249mr[0m[38;5;249mt[0m[38;5;249m 
[0m[38;5;249mi[0m[38;5;249md[0m[38;5;249m)[0m[38;5;249m 
[0m[38;5;249mi[0m[38;5;249mn[0m[38;5;249mt[0m[38;5;249mo[0m[38;5;249m 
[0m[38;5;249mt[0m[38;5;249mh[0m[38;5;249me[0m[38;5;249m 
[0m[38;5;249mC[0m[38;5;249mA[0m[38;5;249mP[0m[38;5;249mA[0m[38;5;249m [0m[38;5;249mp[0m[38;5;249mr[0m[3
8;5;249mo[0m[38;5;249mf[0m[38;5;249mi[0m[38;5;249ml[0m[38;5;249me[0m[38;5;249m [0m[38;5;249mm[0m[38;5;249
me[0m[38;5;249mt[0m[38;5;249ma[0m[38;5;249md[0m[38;5;249ma[0m[38;5;249mt[0m[38;5;249ma[0m[38;5;249m.[0m
[38;5;249m [0m[38;5;249mT[0m[38;5;249mh[0m[38;5;249me[0m[38;5;249m [0m[38;5;249mp[0m[38;5;249mo[0m[38;5;2
49mi[0m[38;5;249mn[0m[38;5;249mt[0m[38;5;249me[0m[38;5;249mr[0m[38;5;249m 
[0m[38;5;249mi[0m[38;5;249ms[0m[38;5;249m [0m[38;5;249mr[0m[38;5;249me[0m[38;5;249mc[0m[38;5;249mo[0m[3
8;5;249mr[0m[38;5;249md[0m[38;5;249me[0m[38;5;249md[0m[38;5;249m 
[0m[38;5;249mi[0m[38;5;249mn[0m[38;5;249mt[0m[38;5;249mo[0m[38;5;249m 
[0m[38;5;249mt[0m[38;5;249mh[0m[38;5;249me[0m[38;5;249m 
[0m[38;5;249mb[0m[38;5;249mu[0m[38;5;249mn[0m[38;5;249md[0m[38;5;249ml[0m[38;5;249me[0m[38;5;249m 
[0m[38;5;249mf[0m[38;5;249mo[0m[38;5;249mr[0m[38;5;249m 
[0m[38;5;249ma[0m[38;5;249mu[0m[38;5;249md[0m[38;5;249mi[0m[38;5;249mt[0m[38;5;249m;[0m[38;5;249m 
[0m[38;5;249mc[0m[38;5;249ma[0m[38;5;249mp[0m[38;5;249ma[0m[38;5;249m 
[0m[38;5;249md[0m[38;5;249mo[0m[38;5;249me[0m[38;5;249ms[0m[38;5;249m 
[0m[38;5;249mn[0m[38;5;249mo[0m[38;5;249mt[0m[38;5;249m [0m[38;5;249ma[0m[38;5;249mu[0m[38;5;249mt[0m[3
8;5;249mo[0m[38;5;249m-[0m[38;5;249ma[0m[38;5;249mp[0m[38;5;249mp[0m[38;5;249ml[0m[38;5;249my[0m[38;5;249
m [0m[38;5;249mi[0m[38;5;249mt[0m[38;5;249m.[0m[38;5;249m 
[0m[38;5;249mS[0m[38;5;249me[0m[38;5;249me[0m[38;5;249m 
[0m[38;5;249m[[0m[38;5;249mC[0m[38;5;249mA[0m[38;5;249mP[0m[38;5;249mA[0m[38;5;249m [0m[38;5;249mp[0m[3
8;5;249mr[0m[38;5;249mo[0m[38;5;249mf[0m[38;5;249mi[0m[38;5;249ml[0m[38;5;249me[0m[38;5;249m [0m[38;5;249
mf[0m[38;5;249mi[0m[38;5;249me[0m[38;5;249ml[0m[38;5;249md[0m[38;5;249ms[0m[38;5;249m][0m[38;5;249m([0m
[38;5;249m.[0m[38;5;249m.[0m[38;5;249m/[0m[38;5;249mc[0m[38;5;249mo[0m[38;5;249mn[0m[38;5;249mf[0m[38;5;2
49mi[0m[38;5;249mg[0m[38;5;249mu[0m[38;5;249mr[0m[38;5;249ma[0m[38;5;249mt[0m[38;5;249mi[0m[38;5;249mo[0
m[38;5;249mn[0m[38;5;249m/[0m[38;5;249mc[0m[38;5;249ma[0m[38;5;249mp[0m[38;5;249ma[0m[38;5;249m-[0m[38;5
;249mp[0m[38;5;249mr[0m[38;5;249mo[0m[38;5;249mf[0m[38;5;249mi[0m[38;5;249ml[0m[38;5;249me[0m[38;5;249m.
[0m[38;5;249mm[0m[38;5;249md[0m[38;5;249m#[0m[33mh[0m[33me[0m[33ma[0m[33mt[0m[33me[0m[33mr[0m[33mp[
0m[33mr[0m[33mo[0m[33mg[0m[33mr[0m[33ma[0m[33mm[0m[38;5;249m)[0m[38;5;249m.[0m
 [38;5;240m    │[0m                                                                                                  
                                                                                                                       
                                                                                                                       
                                   [33m─[0m[33m─[0m[33m─[0m[33m─[0m[33m─[0m[33m─[0m[33m┬[0m[33m─[0m[33
m─[0m[33m─[0m[33m─[0m[33m─[0m[33m─[0m  
 [38;5;240m    │[0m                                                                                                  
                                                                                                                       
                                                                                                                       
                                         
[33m╰[0m[33m─[0m[33m─[0m[33m─[0m[33m─[0m[33m─[0m[33m─[0m[33m─[0m[33m─[0m anchor does not exist
[38;5;246m─────╯[0m
3 issues found
Build finished in 4.90s
